# Alias Lens Bash integration
unalias al 2>/dev/null || true
# Bash records history timestamps only while HISTTIMEFORMAT is set. An empty
# value keeps the normal history display while preserving dates for stats.
if [ -z "${HISTTIMEFORMAT+x}" ]; then
  HISTTIMEFORMAT=
fi
_alias_lens_flush_history() {
  builtin history -a
}
_alias_lens_execute() {
  local _alias_lens_name="$1" _alias_lens_definition _alias_lens_status
  _alias_lens_definition="$(command env ALIAS_LENS_SHELL=bash alias-lens shell-entry "$_alias_lens_name")" || return
  builtin eval "$_alias_lens_definition" || return
  command env ALIAS_LENS_SHELL=bash alias-lens record-use "$_alias_lens_name" >/dev/null 2>&1
  builtin history -s "$_alias_lens_name"
  builtin history -a
  builtin eval "$_alias_lens_name"
  _alias_lens_status=$?
  return "$_alias_lens_status"
}
al() {
  _alias_lens_flush_history 2>/dev/null || true
  if [ "$#" -eq 0 ]; then
    local _alias_lens_name
    _alias_lens_name="$(command env ALIAS_LENS_SHELL=bash ALIAS_LENS_HISTORY_FILE="${HISTFILE:-$HOME/.bash_history}" alias-lens)" || return
    [ -z "$_alias_lens_name" ] && return
    _alias_lens_execute "$_alias_lens_name"
    return $?
  fi
  if [ "${1-}" = "use" ]; then
    shift
    if [ "${1-}" = "--help" ] || [ "${1-}" = "-h" ]; then
      command env ALIAS_LENS_SHELL=bash ALIAS_LENS_HISTORY_FILE="${HISTFILE:-$HOME/.bash_history}" alias-lens help use
      return
    fi
    local _alias_lens_name
    _alias_lens_name="$(command env ALIAS_LENS_SHELL=bash ALIAS_LENS_HISTORY_FILE="${HISTFILE:-$HOME/.bash_history}" alias-lens pick --execute "$@")" || return
    [ -z "$_alias_lens_name" ] && return
    _alias_lens_execute "$_alias_lens_name"
    return $?
  fi
  command env ALIAS_LENS_SHELL=bash ALIAS_LENS_HISTORY_FILE="${HISTFILE:-$HOME/.bash_history}" alias-lens "$@"
}
_alias_lens_launch() {
  if [ -n "${READLINE_LINE-}" ]; then
    READLINE_LINE=""
    READLINE_POINT=0
    return
  fi
  _alias_lens_flush_history 2>/dev/null || true
  local _alias_lens_name
  _alias_lens_name="$(command env ALIAS_LENS_SHELL=bash ALIAS_LENS_HISTORY_FILE="${HISTFILE:-$HOME/.bash_history}" alias-lens)" || return
  [ -z "$_alias_lens_name" ] && return
  _alias_lens_execute "$_alias_lens_name"
}
if [ -z "${ALIAS_LENS_NOBIND-}" ]; then
  bind -x '"\C-g":_alias_lens_launch'
fi
command env ALIAS_LENS_SHELL=bash ALIAS_LENS_HISTORY_FILE="${HISTFILE:-$HOME/.bash_history}" alias-lens watch --ensure >/dev/null 2>&1
